// Jest Snapshot v1, https://goo.gl/fbAQLP

exports[`Date Rendering 1`] = `
<View
  style={
    [
      {
        "flexDirection": "row",
      },
      {
        "flex": 1,
      },
    ]
  }
>
  <View
    style={
      [
        {
          "justifyContent": "center",
          "marginRight": 8,
        },
        undefined,
      ]
    }
  >
    <Icon
      color="#E6E6E6"
      name="calendar-day"
      size={14}
      type="solid"
    />
  </View>
  <Text
    numberOfLines={1}
    style={
      [
        {
          "flexShrink": 1,
        },
        {
          "color": "#939393",
          "fontFamily": "Ubuntu",
          "fontSize": 14,
          "fontStyle": "normal",
          "fontWeight": "normal",
          "lineHeight": 20,
        },
      ]
    }
  >
    4-10-2019 9:10
  </Text>
</View>
`;
