// Jest Snapshot v1, https://goo.gl/fbAQLP

exports[`TextLink Rendering disabled 1`] = `
<View
  accessibilityState={
    {
      "busy": undefined,
      "checked": undefined,
      "disabled": undefined,
      "expanded": undefined,
      "selected": undefined,
    }
  }
  accessibilityValue={
    {
      "max": undefined,
      "min": undefined,
      "now": undefined,
      "text": undefined,
    }
  }
  accessible={true}
  collapsable={false}
  focusable={true}
  onClick={[Function]}
  onResponderGrant={[Function]}
  onResponderMove={[Function]}
  onResponderRelease={[Function]}
  onResponderTerminate={[Function]}
  onResponderTerminationRequest={[Function]}
  onStartShouldSetResponder={[Function]}
  style={
    {
      "flex": 1,
      "opacity": 1,
    }
  }
>
  <Text
    style={
      [
        {
          "color": "#0066B1",
          "fontFamily": "Ubuntu",
          "fontSize": 14,
          "fontStyle": "normal",
          "fontWeight": "normal",
          "lineHeight": 20,
        },
        {
          "fontSize": 1,
        },
      ]
    }
  >
    Text to click
  </Text>
</View>
`;

exports[`TextLink Rendering enabled 1`] = `
<View
  accessibilityState={
    {
      "busy": undefined,
      "checked": undefined,
      "disabled": undefined,
      "expanded": undefined,
      "selected": undefined,
    }
  }
  accessibilityValue={
    {
      "max": undefined,
      "min": undefined,
      "now": undefined,
      "text": undefined,
    }
  }
  accessible={true}
  collapsable={false}
  focusable={true}
  onClick={[Function]}
  onResponderGrant={[Function]}
  onResponderMove={[Function]}
  onResponderRelease={[Function]}
  onResponderTerminate={[Function]}
  onResponderTerminationRequest={[Function]}
  onStartShouldSetResponder={[Function]}
  style={
    {
      "flex": 1,
      "opacity": 1,
    }
  }
>
  <Text
    style={
      [
        {
          "color": "#0066B1",
          "fontFamily": "Ubuntu",
          "fontSize": 14,
          "fontStyle": "normal",
          "fontWeight": "normal",
          "lineHeight": 20,
        },
        {
          "fontSize": 1,
        },
      ]
    }
  >
    Text to click
  </Text>
</View>
`;
